Creating test database for alias 'default' ('file:memorydb_default?mode=memory&cache=shared')...
Found 15 test(s).
Operations to perform:
  Synchronize unmigrated apps: messages, rest_framework, staticfiles
  Apply all migrations: admin, auth, contenttypes, sessions, tasks
Synchronizing apps without migrations:
  Creating tables...
    Running deferred SQL...
Running migrations:
  Applying contenttypes.0001_initial... OK
  Applying auth.0001_initial... OK
  Applying admin.0001_initial... OK
  Applying admin.0002_logentry_remove_auto_add... OK
  Applying admin.0003_logentry_add_action_flag_choices... OK
  Applying contenttypes.0002_remove_content_type_name... OK
  Applying auth.0002_alter_permission_name_max_length... OK
  Applying auth.0003_alter_user_email_max_length... OK
  Applying auth.0004_alter_user_username_opts... OK
  Applying auth.0005_alter_user_last_login_null... OK
  Applying auth.0006_require_contenttypes_0002... OK
  Applying auth.0007_alter_validators_add_error_messages... OK
  Applying auth.0008_alter_user_username_max_length... OK
  Applying auth.0009_alter_user_last_name_max_length... OK
  Applying auth.0010_alter_group_name_max_length... OK
  Applying auth.0011_update_proxy_permissions... OK
  Applying auth.0012_alter_user_first_name_max_length... OK
  Applying sessions.0001_initial... OK
  Applying tasks.0001_initial...test_authentication_required_for_task_list (tests.test_api.TaskApiTests.test_authentication_required_for_task_list) ... ok
test_create_sets_owner_automatically (tests.test_api.TaskApiTests.test_create_sets_owner_automatically) ... ok
test_list_returns_only_visible_tasks (tests.test_api.TaskApiTests.test_list_returns_only_visible_tasks) ... ok
test_non_owner_cannot_update_task (tests.test_api.TaskApiTests.test_non_owner_cannot_update_task) ... ok
test_signup_creates_user_and_logs_them_in (tests.test_auth.SignUpViewTests.test_signup_creates_user_and_logs_them_in) ... ok
test_past_due_date_is_invalid_for_open_task (tests.test_forms.TaskFormTests.test_past_due_date_is_invalid_for_open_task) ... ok
test_title_is_stripped (tests.test_forms.TaskFormTests.test_title_is_stripped) ... ok
test_full_clean_rejects_past_due_date_for_open_task (tests.test_models.TaskModelTests.test_full_clean_rejects_past_due_date_for_open_task) ... ok
test_is_overdue_false_for_done_task (tests.test_models.TaskModelTests.test_is_overdue_false_for_done_task) ... ok
test_visible_to_returns_owned_and_assigned_tasks (tests.test_models.TaskModelTests.test_visible_to_returns_owned_and_assigned_tasks) ... ok
test_create_sets_owner_to_logged_in_user (tests.test_views.TaskViewTests.test_create_sets_owner_to_logged_in_user) ... ok
test_list_requires_login (tests.test_views.TaskViewTests.test_list_requires_login) ... ok
test_list_shows_only_visible_tasks (tests.test_views.TaskViewTests.test_list_shows_only_visible_tasks) ... ok
test_non_owner_cannot_edit_task (tests.test_views.TaskViewTests.test_non_owner_cannot_edit_task) ... ok
test_task_card_renders_values_instead_of_template_fragments (tests.test_views.TaskViewTests.test_task_card_renders_values_instead_of_template_fragments) ... ok

----------------------------------------------------------------------
Ran 15 tests in 0.078s

OK
Destroying test database for alias 'default' ('file:memorydb_default?mode=memory&cache=shared')...
 OK
System check identified no issues (0 silenced).
